// Jest Snapshot v1, https://goo.gl/fbAQLP

exports[`test ui react native test render component App 1`] = `undefined`;
